ffffffffffff ff|KEY_0
ffffffffffff ff|KEY_1
ffffffffffff ff|KEY_2
ffffffffffff ff|KEY_3
ffffffffffff ff|KEY_4
ffffffffffff ff|KEY_5
ffffffffffff ff|KEY_6
ffffffffffff ff|KEY_7
ffffffffffff ff|KEY_8
ffffffffffff ff|KEY_9
ffffffffffff ff|KEY_UP
ffffffffffff ff|KEY_DOWN
ffffffffffff ff|KEY_RIGHT
ffffffffffff ff|KEY_LEFT
ffffffffffff ff|KEY_POWER
ffffffffffff ff|KEY_KPPLUS#volumeup
ffffffffffff ff|KEY_KPMINUS#volumedown
ffffffffffff ff|KEY_F8#mute
ffffffffffff ff|KEY_ENTER#ok
ffffffffffff ff|KEY_BACKSPACE#back
ffffffffffff ff|KEY_M#menu
ffffffffffff ff|KEY_P#play
ffffffffffff ff|KEY_SPACE#pause
ffffffffffff ff|KEY_X#stop
ffffffffffff ff|KEY_I#info
ffffffffffff ff|KEY_R#rewind
ffffffffffff ff|KEY_F#forward
ffffffffffff ff|KEY_PAGEUP#skipplus
ffffffffffff ff|KEY_PAGEDOWN#skipminus
ffffffffffff ff|KEY_DOT#skipnext
ffffffffffff ff|KEY_COMMA#skipprevious
ffffffffffff ff|KEY_TAB#fullscreen
ffffffffffff ff|KEY_SYSRQ#screenshot
ffffffffffff ff|KEY_BACKSLASH#togglefullscreen
ffffffffffff ff|KEY_HOME#firstpage
ffffffffffff ff|KEY_END#lastpage
ffffffffffff KEY_LEFTCTRL|KEY_T#red
ffffffffffff KEY_LEFTCTRL|KEY_E#green
ffffffffffff KEY_LEFTCTRL|KEY_M#yellow
ffffffffffff KEY_LEFTCTRL|KEY_I#blue
ffffffffffff ff|KEY_F11#user1
ffffffffffff ff|KEY_F12#user2
ffffffffffff ff|KEY_F13#user3
ffffffffffff ff|KEY_F14#user4
ffffffffffff ff|KEY_F15#user5
ffffffffffff ff|KEY_F16#user6
ffffffffffff ff|KEY_F17#user7
ffffffffffff ff|KEY_F18#user8
ffffffffffff ff|KEY_F19#user9
ffffffffffff ff|KEY_F20
ffffffffffff ff|KEY_F21
ffffffffffff ff|KEY_F22
ffffffffffff ff|KEY_KPEQUAL
ffffffffffff ff|KEY_ESC#home
ffffffffffff ff|KEY_SPACE#pause
ffffffffffff ff|KEY_X#stop
ffffffffffff ff|KEY_ESC#home
ffffffffffff ff|KEY_DELETE