ffffffff KEY_UP
ffffffff KEY_DOWN
ffffffff KEY_MENU
ffffffff KEY_OK
ffffffff KEY_ESC
ffffffff KEY_LEFT
ffffffff KEY_RIGHT
ffffffff KEY_F1
ffffffff KEY_F2
ffffffff KEY_F3
ffffffff KEY_F4
ffffffff KEY_0
ffffffff KEY_1
ffffffff KEY_2
ffffffff KEY_3
ffffffff KEY_4
ffffffff KEY_5
ffffffff KEY_6
ffffffff KEY_7
ffffffff KEY_8
ffffffff KEY_9
ffffffff KEY_INFO
ffffffff KEY_PLAY
ffffffff KEY_PAUSE
ffffffff KEY_PLAYPAUSE
ffffffff KEY_STOP
ffffffff KEY_RECORD
ffffffff KEY_FASTFORWARD
ffffffff KEY_REWIND
ffffffff KEY_NEXT
ffffffff KEY_BACK
ffffffff KEY_POWER2
ffffffff KEY_CHANNELUP
ffffffff KEY_CHANNELDOWN
ffffffff KEY_PREVIOUS
ffffffff KEY_VOLUMEUP
ffffffff KEY_VOLUMEDOWN
ffffffff KEY_MUTE
ffffffff KEY_SUBTITLE
ffffffff KEY_EPG
ffffffff KEY_CHANNEL
ffffffff KEY_FAVORITES
ffffffff KEY_MODE
ffffffff KEY_TIME
ffffffff KEY_PVR
ffffffff KEY_SETUP
ffffffff KEY_TEXT
ffffffff KEY_PROG1
ffffffff KEY_PROG2
ffffffff KEY_PROG3
ffffffff KEY_PROG4
ffffffff KEY_AUDIO
ffffffff KEY_VIDEO
ffffffff KEY_IMAGES
ffffffff KEY_FN
ffffffff KEY_SCREEN
