ffffffffffff ff|KEY_0
ffffffffffff ff|KEY_1
ffffffffffff ff|KEY_2
ffffffffffff ff|KEY_3
ffffffffffff ff|KEY_4
ffffffffffff ff|KEY_5
ffffffffffff ff|KEY_6
ffffffffffff ff|KEY_7
ffffffffffff ff|KEY_8
ffffffffffff ff|KEY_9
ffffffffffff ff|KEY_LEFT
ffffffffffff ff|KEY_RIGHT
ffffffffffff ff|KEY_UP
ffffffffffff ff|KEY_DOWN
ffffffffffff ff|KEY_ENTER#select
ffffffffffff ff|KEY_BACKSPACE#back
ffffffffffff ff|KEY_M#menu
ffffffffffff ff|KEY_HOME#top_of_menu
ffffffffffff ff|KEY_F8#mute
ffffffffffff ff|KEY_KPMINUS#volume_down
ffffffffffff ff|KEY_KPPLUS#volume_up
ffffffffffff ff|KEY_TAB#toggle_fullscreen_playback
ffffffffffff ff|KEY_BACKSLASH#toggle_fullscreen_window_view
ffffffffffff ff|KEY_D#move_item_down
ffffffffffff ff|KEY_U#move_item_up
ffffffffffff ff|KEY_P#playback
ffffffffffff ff|KEY_SPACE#play/pause
ffffffffffff ff|KEY_X#stop_playback
ffffffffffff ff|KEY_R#fast_rewind
ffffffffffff ff|KEY_F#fast_forward
ffffffffffff ff|KEY_COMMA#skip_backward
ffffffffffff ff|KEY_DOT#skip_forward
ffffffffffff ff|KEY_S#shutdown
ffffffffffff ff|KEY_I#info
ffffffffffff ff|KEY_C#context/playlist
ffffffffffff ff|KEY_E#EPG
ffffffffffff ff|KEY_PAGEUP#next
ffffffffffff ff|KEY_PAGEDOWN#previous
ffffffffffff KEY_LEFTCTRL|KEY_S#screenshot
ffffffffffff KEY_LEFTCTRL|KEY_END#exit
ffffffffffff KEY_LEFTCTRL|KEY_T#subtitle_position
ffffffffffff ff|KEY_Z#zoom
ffffffffffff ff|KEY_T#toogle_subtitles_on/off